2026-09-18 14:06:27 [main] ERROR o.l.c.agent.prompt.utils.PromptUtil - 提示词内容为空，请检查配置文件：COMPRESSION_QUERY
2026-09-18 14:06:27 [main] ERROR o.l.c.agent.prompt.utils.PromptUtil - 提示词内容为空，请检查配置文件：REWRITE_QUERY
2026-09-18 14:06:27 [main] ERROR o.l.c.agent.prompt.utils.PromptUtil - 提示词内容为空，请检查配置文件：MULTI_QUERY_EXPANSION
2026-09-18 14:06:28 [main] ERROR o.l.c.agent.prompt.utils.PromptUtil - 提示词内容为空，请检查配置文件：RERANKER
2026-09-18 14:06:55 [DiagnosisThread-2] ERROR o.l.s.a.n.d.graph.DiagnosisGraph - ProcessGraph-执行失败，diagnosisData为空
2026-09-18 14:06:55 [DiagnosisThread-2] ERROR o.l.s.i.c.ConversationMessageProcessor - 异步分析与诊断异常，会话ID：2100828872232271874
org.lixiyun.common.core.error.exception.BusinessException: 系统错误
	at org.lixiyun.server.ai.node.diagnosis.graph.DiagnosisGraph.lambda$executeGraph$0(DiagnosisGraph.java:125)
	at java.base/java.util.Optional.orElseThrow(Optional.java:403)
	at org.lixiyun.server.ai.node.diagnosis.graph.DiagnosisGraph.executeGraph(DiagnosisGraph.java:123)
	at org.lixiyun.server.infrastructure.conversation.ConversationAiService.analysisAndDiagnosis(ConversationAiService.java:129)
	at org.lixiyun.server.infrastructure.conversation.ConversationMessageProcessor.lambda$processConversationMessage$1(ConversationMessageProcessor.java:132)
	at java.base/java.util.concurrent.ThreadPoolExecutor.runWorker(ThreadPoolExecutor.java:1136)
	at java.base/java.util.concurrent.ThreadPoolExecutor$Worker.run(ThreadPoolExecutor.java:635)
	at java.base/java.lang.Thread.run(Thread.java:842)
2026-09-18 14:07:14 [DiagnosisThread-5] ERROR o.l.s.a.n.d.graph.DiagnosisGraph - ProcessGraph-执行失败，diagnosisData为空
2026-09-18 14:07:14 [DiagnosisThread-5] ERROR o.l.s.i.c.ConversationMessageProcessor - 异步分析与诊断异常，会话ID：2100828872232271874
org.lixiyun.common.core.error.exception.BusinessException: 系统错误
	at org.lixiyun.server.ai.node.diagnosis.graph.DiagnosisGraph.lambda$executeGraph$0(DiagnosisGraph.java:125)
	at java.base/java.util.Optional.orElseThrow(Optional.java:403)
	at org.lixiyun.server.ai.node.diagnosis.graph.DiagnosisGraph.executeGraph(DiagnosisGraph.java:123)
	at org.lixiyun.server.infrastructure.conversation.ConversationAiService.analysisAndDiagnosis(ConversationAiService.java:129)
	at org.lixiyun.server.infrastructure.conversation.ConversationMessageProcessor.lambda$processConversationMessage$1(ConversationMessageProcessor.java:132)
	at java.base/java.util.concurrent.ThreadPoolExecutor.runWorker(ThreadPoolExecutor.java:1136)
	at java.base/java.util.concurrent.ThreadPoolExecutor$Worker.run(ThreadPoolExecutor.java:635)
	at java.base/java.lang.Thread.run(Thread.java:842)
2026-09-18 14:08:01 [parallel-node-action-thread-27] ERROR o.lixiyun.server.ai.model.BaseModel - [模型抽象类] 模型响应为null或内容为空
2026-09-18 14:08:22 [parallel-node-action-thread-27] ERROR o.lixiyun.server.ai.model.BaseModel - [模型抽象类] 模型响应为null或内容为空
2026-09-18 14:08:34 [parallel-node-action-thread-27] ERROR o.lixiyun.server.ai.model.BaseModel - [模型抽象类] 模型响应为null或内容为空
2026-09-18 14:08:48 [parallel-node-action-thread-27] ERROR o.lixiyun.server.ai.model.BaseModel - [模型抽象类] 模型响应为null或内容为空
2026-09-18 14:08:48 [parallel-node-action-thread-27] ERROR o.l.s.i.l.aspect.NodeExecutionAspect - [节点执行日志拦截器-图节点] UPDATE traceId=2100828964974194688, nodeName=diagnosisSummaryNode
java.lang.NullPointerException: null
	at java.base/java.util.Objects.requireNonNull(Objects.java:208)
	at java.base/java.util.KeyValueHolder.<init>(KeyValueHolder.java:62)
	at java.base/java.util.Map.entry(Map.java:1709)
	at org.lixiyun.server.ai.node.diagnosis.process.DiagnosisSummaryNode.lambda$outputSummary$3(DiagnosisSummaryNode.java:297)
	at java.base/java.util.Optional.map(Optional.java:260)
	at org.lixiyun.server.ai.node.diagnosis.process.DiagnosisSummaryNode.outputSummary(DiagnosisSummaryNode.java:296)
	at org.lixiyun.server.infrastructure.log.aspect.NodeExecutionAspect.aroundDiagnosisNode(NodeExecutionAspect.java:135)
	at jdk.internal.reflect.GeneratedMethodAccessor303.invoke(Unknown Source)
	at java.base/jdk.internal.reflect.DelegatingMethodAccessorImpl.invoke(DelegatingMethodAccessorImpl.java:43)
	at java.base/java.lang.reflect.Method.invoke(Method.java:568)
	at org.springframework.aop.aspectj.AbstractAspectJAdvice.invokeAdviceMethodWithGivenArgs(AbstractAspectJAdvice.java:642)
	at org.springframework.aop.aspectj.AbstractAspectJAdvice.invokeAdviceMethod(AbstractAspectJAdvice.java:632)
	at org.springframework.aop.aspectj.AspectJAroundAdvice.invoke(AspectJAroundAdvice.java:71)
	at org.springframework.aop.framework.ReflectiveMethodInvocation.proceed(ReflectiveMethodInvocation.java:173)
	at org.springframework.aop.interceptor.ExposeInvocationInterceptor.invoke(ExposeInvocationInterceptor.java:97)
	at org.springframework.aop.framework.ReflectiveMethodInvocation.proceed(ReflectiveMethodInvocation.java:184)
	at org.springframework.aop.framework.CglibAopProxy$DynamicAdvisedInterceptor.intercept(CglibAopProxy.java:728)
	at org.lixiyun.server.ai.node.diagnosis.process.DiagnosisSummaryNode$$SpringCGLIB$$0.apply(<generated>)
	at com.alibaba.cloud.ai.graph.action.AsyncNodeActionWithConfig.lambda$node_async$0(AsyncNodeActionWithConfig.java:41)
	at com.alibaba.cloud.ai.graph.executor.NodeExecutor.executeNode(NodeExecutor.java:123)
	at com.alibaba.cloud.ai.graph.executor.NodeExecutor.execute(NodeExecutor.java:85)
	at com.alibaba.cloud.ai.graph.executor.MainGraphExecutor.execute(MainGraphExecutor.java:108)
	at com.alibaba.cloud.ai.graph.executor.NodeExecutor.lambda$handleActionResult$3(NodeExecutor.java:207)
	at reactor.core.publisher.FluxDefer.subscribe(FluxDefer.java:46)
	at reactor.core.publisher.Flux.subscribe(Flux.java:8891)
	at reactor.core.publisher.FluxConcatArray$ConcatArraySubscriber.onComplete(FluxConcatArray.java:238)
	at reactor.core.publisher.FluxConcatArray.subscribe(FluxConcatArray.java:79)
	at reactor.core.publisher.Flux.subscribe(Flux.java:8891)
	at reactor.core.publisher.MonoFlatMapMany$FlatMapManyMain.onNext(MonoFlatMapMany.java:196)
	at reactor.core.publisher.MonoCompletionStage$MonoCompletionStageSubscription.apply(MonoCompletionStage.java:121)
	at reactor.core.publisher.MonoCompletionStage$MonoCompletionStageSubscription.apply(MonoCompletionStage.java:67)
	at java.base/java.util.concurrent.CompletableFuture.uniHandle(CompletableFuture.java:934)
	at java.base/java.util.concurrent.CompletableFuture.uniHandleStage(CompletableFuture.java:950)
	at java.base/java.util.concurrent.CompletableFuture.handle(CompletableFuture.java:2340)
	at java.base/java.util.concurrent.CompletableFuture.handle(CompletableFuture.java:144)
	at reactor.core.publisher.MonoCompletionStage$MonoCompletionStageSubscription.request(MonoCompletionStage.java:145)
	at reactor.core.publisher.MonoFlatMapMany$FlatMapManyMain.onSubscribe(MonoFlatMapMany.java:141)
	at reactor.core.publisher.MonoCompletionStage.subscribe(MonoCompletionStage.java:56)
	at reactor.core.publisher.InternalFluxOperator.subscribe(InternalFluxOperator.java:68)
	at reactor.core.publisher.FluxDefer.subscribe(FluxDefer.java:54)
	at reactor.core.publisher.Flux.subscribe(Flux.java:8891)
	at reactor.core.publisher.FluxConcatArray$ConcatArraySubscriber.onComplete(FluxConcatArray.java:238)
	at reactor.core.publisher.FluxConcatArray.subscribe(FluxConcatArray.java:79)
	at reactor.core.publisher.Flux.subscribe(Flux.java:8891)
	at reactor.core.publisher.MonoFlatMapMany$FlatMapManyMain.onNext(MonoFlatMapMany.java:196)
	at reactor.core.publisher.MonoCompletionStage$MonoCompletionStageSubscription.apply(MonoCompletionStage.java:121)
	at reactor.core.publisher.MonoCompletionStage$MonoCompletionStageSubscription.apply(MonoCompletionStage.java:67)
	at java.base/java.util.concurrent.CompletableFuture.uniHandle(CompletableFuture.java:934)
	at java.base/java.util.concurrent.CompletableFuture$UniHandle.tryFire$$$capture(CompletableFuture.java:911)
	at java.base/java.util.concurrent.CompletableFuture$UniHandle.tryFire(CompletableFuture.java)
	at java.base/java.util.concurrent.CompletableFuture.postComplete(CompletableFuture.java:510)
	at java.base/java.util.concurrent.CompletableFuture$AsyncSupply.run$$$capture(CompletableFuture.java:1773)
	at java.base/java.util.concurrent.CompletableFuture$AsyncSupply.run(CompletableFuture.java)
	at java.base/java.util.concurrent.ThreadPoolExecutor.runWorker(ThreadPoolExecutor.java:1136)
	at java.base/java.util.concurrent.ThreadPoolExecutor$Worker.run(ThreadPoolExecutor.java:635)
	at java.base/java.lang.Thread.run(Thread.java:842)
2026-09-18 14:08:48 [DiagnosisThread-8] ERROR c.a.c.a.g.o.GraphObservationLifecycleListener - Error in graph/node processNode: reactor.core.Exceptions$ReactiveException: com.alibaba.cloud.ai.graph.exception.GraphRunnerException: [diagnosisSummary] 模型返回null或响应内容为空
2026-09-18 14:08:48 [DiagnosisThread-8] ERROR o.l.s.i.c.ConversationMessageProcessor - 异步分析与诊断异常，会话ID：2100828872232271874
reactor.core.Exceptions$ReactiveException: com.alibaba.cloud.ai.graph.exception.GraphRunnerException: [diagnosisSummary] 模型返回null或响应内容为空
	at reactor.core.Exceptions.propagate(Exceptions.java:410)
	at reactor.core.publisher.BlockingSingleSubscriber.blockingGet(BlockingSingleSubscriber.java:102)
	at reactor.core.publisher.Mono.block(Mono.java:1779)
	at com.alibaba.cloud.ai.graph.CompiledGraph.invoke(CompiledGraph.java:640)
	at org.lixiyun.server.ai.node.diagnosis.graph.DiagnosisGraph.executeGraph(DiagnosisGraph.java:104)
	at org.lixiyun.server.infrastructure.conversation.ConversationAiService.analysisAndDiagnosis(ConversationAiService.java:129)
	at org.lixiyun.server.infrastructure.conversation.ConversationMessageProcessor.lambda$processConversationMessage$1(ConversationMessageProcessor.java:132)
	at java.base/java.util.concurrent.ThreadPoolExecutor.runWorker(ThreadPoolExecutor.java:1136)
	at java.base/java.util.concurrent.ThreadPoolExecutor$Worker.run(ThreadPoolExecutor.java:635)
	at java.base/java.lang.Thread.run(Thread.java:842)
	Suppressed: java.lang.Exception: #block terminated with an error
		at reactor.core.publisher.BlockingSingleSubscriber.blockingGet(BlockingSingleSubscriber.java:104)
		... 8 common frames omitted
Caused by: com.alibaba.cloud.ai.graph.exception.GraphRunnerException: [diagnosisSummary] 模型返回null或响应内容为空
	at org.lixiyun.server.ai.model.BaseModel.doCall(BaseModel.java:181)
	at org.lixiyun.server.ai.model.BaseModel.doCallForResult(BaseModel.java:247)
	at org.lixiyun.server.ai.model.diagnosis.process.DiagnosisSummaryProcessModel.callForResult(DiagnosisSummaryProcessModel.java:255)
	at java.base/jdk.internal.reflect.NativeMethodAccessorImpl.invoke0(Native Method)
	at java.base/jdk.internal.reflect.NativeMethodAccessorImpl.invoke(NativeMethodAccessorImpl.java:77)
	at java.base/jdk.internal.reflect.DelegatingMethodAccessorImpl.invoke(DelegatingMethodAccessorImpl.java:43)
	at java.base/java.lang.reflect.Method.invoke(Method.java:568)
	at org.springframework.aop.support.AopUtils.invokeJoinpointUsingReflection(AopUtils.java:359)
	at org.springframework.aop.framework.ReflectiveMethodInvocation.invokeJoinpoint(ReflectiveMethodInvocation.java:196)
	at org.springframework.aop.framework.ReflectiveMethodInvocation.proceed(ReflectiveMethodInvocation.java:163)
	at org.springframework.retry.interceptor.RetryOperationsInterceptor$1.doWithRetry(RetryOperationsInterceptor.java:114)
	at org.springframework.retry.support.RetryTemplate.doExecute(RetryTemplate.java:357)
	at org.springframework.retry.support.RetryTemplate.execute(RetryTemplate.java:246)
	at org.springframework.retry.interceptor.RetryOperationsInterceptor.invoke(RetryOperationsInterceptor.java:135)
	at org.springframework.retry.annotation.AnnotationAwareRetryOperationsInterceptor.invoke(AnnotationAwareRetryOperationsInterceptor.java:162)
	at org.springframework.aop.framework.ReflectiveMethodInvocation.proceed(ReflectiveMethodInvocation.java:184)
	at org.springframework.aop.framework.CglibAopProxy$DynamicAdvisedInterceptor.intercept(CglibAopProxy.java:728)
	at org.lixiyun.server.ai.model.diagnosis.process.DiagnosisSummaryProcessModel$$SpringCGLIB$$0.callForResult(<generated>)
	at org.lixiyun.server.ai.node.diagnosis.process.DiagnosisSummaryNode.apply(DiagnosisSummaryNode.java:71)
	at java.base/jdk.internal.reflect.NativeMethodAccessorImpl.invoke0(Native Method)
	at java.base/jdk.internal.reflect.NativeMethodAccessorImpl.invoke(NativeMethodAccessorImpl.java:77)
	at java.base/jdk.internal.reflect.DelegatingMethodAccessorImpl.invoke(DelegatingMethodAccessorImpl.java:43)
	at java.base/java.lang.reflect.Method.invoke(Method.java:568)
	at org.springframework.aop.support.AopUtils.invokeJoinpointUsingReflection(AopUtils.java:359)
	at org.springframework.aop.framework.ReflectiveMethodInvocation.invokeJoinpoint(ReflectiveMethodInvocation.java:196)
	at org.springframework.aop.framework.ReflectiveMethodInvocation.proceed(ReflectiveMethodInvocation.java:163)
	at org.springframework.aop.aspectj.MethodInvocationProceedingJoinPoint.proceed(MethodInvocationProceedingJoinPoint.java:89)
	at org.lixiyun.server.infrastructure.log.aspect.NodeExecutionAspect.aroundDiagnosisNode(NodeExecutionAspect.java:129)
	at jdk.internal.reflect.GeneratedMethodAccessor303.invoke(Unknown Source)
	at java.base/jdk.internal.reflect.DelegatingMethodAccessorImpl.invoke(DelegatingMethodAccessorImpl.java:43)
	at java.base/java.lang.reflect.Method.invoke(Method.java:568)
	at org.springframework.aop.aspectj.AbstractAspectJAdvice.invokeAdviceMethodWithGivenArgs(AbstractAspectJAdvice.java:642)
	at org.springframework.aop.aspectj.AbstractAspectJAdvice.invokeAdviceMethod(AbstractAspectJAdvice.java:632)
	at org.springframework.aop.aspectj.AspectJAroundAdvice.invoke(AspectJAroundAdvice.java:71)
	at org.springframework.aop.framework.ReflectiveMethodInvocation.proceed(ReflectiveMethodInvocation.java:173)
	at org.springframework.aop.interceptor.ExposeInvocationInterceptor.invoke(ExposeInvocationInterceptor.java:97)
	at org.springframework.aop.framework.ReflectiveMethodInvocation.proceed(ReflectiveMethodInvocation.java:184)
	at org.springframework.aop.framework.CglibAopProxy$DynamicAdvisedInterceptor.intercept(CglibAopProxy.java:728)
	at org.lixiyun.server.ai.node.diagnosis.process.DiagnosisSummaryNode$$SpringCGLIB$$0.apply(<generated>)
	at com.alibaba.cloud.ai.graph.action.AsyncNodeActionWithConfig.lambda$node_async$0(AsyncNodeActionWithConfig.java:41)
	at com.alibaba.cloud.ai.graph.executor.NodeExecutor.executeNode(NodeExecutor.java:123)
	at com.alibaba.cloud.ai.graph.executor.NodeExecutor.execute(NodeExecutor.java:85)
	at com.alibaba.cloud.ai.graph.executor.MainGraphExecutor.execute(MainGraphExecutor.java:108)
	at com.alibaba.cloud.ai.graph.executor.NodeExecutor.lambda$handleActionResult$3(NodeExecutor.java:207)
	at reactor.core.publisher.FluxDefer.subscribe(FluxDefer.java:46)
	at reactor.core.publisher.Flux.subscribe(Flux.java:8891)
	at reactor.core.publisher.FluxConcatArray$ConcatArraySubscriber.onComplete(FluxConcatArray.java:238)
	at reactor.core.publisher.FluxConcatArray.subscribe(FluxConcatArray.java:79)
	at reactor.core.publisher.Flux.subscribe(Flux.java:8891)
	at reactor.core.publisher.MonoFlatMapMany$FlatMapManyMain.onNext(MonoFlatMapMany.java:196)
	at reactor.core.publisher.MonoCompletionStage$MonoCompletionStageSubscription.apply(MonoCompletionStage.java:121)
	at reactor.core.publisher.MonoCompletionStage$MonoCompletionStageSubscription.apply(MonoCompletionStage.java:67)
	at java.base/java.util.concurrent.CompletableFuture.uniHandle(CompletableFuture.java:934)
	at java.base/java.util.concurrent.CompletableFuture.uniHandleStage(CompletableFuture.java:950)
	at java.base/java.util.concurrent.CompletableFuture.handle(CompletableFuture.java:2340)
	at java.base/java.util.concurrent.CompletableFuture.handle(CompletableFuture.java:144)
	at reactor.core.publisher.MonoCompletionStage$MonoCompletionStageSubscription.request(MonoCompletionStage.java:145)
	at reactor.core.publisher.MonoFlatMapMany$FlatMapManyMain.onSubscribe(MonoFlatMapMany.java:141)
	at reactor.core.publisher.MonoCompletionStage.subscribe(MonoCompletionStage.java:56)
	at reactor.core.publisher.InternalFluxOperator.subscribe(InternalFluxOperator.java:68)
	at reactor.core.publisher.FluxDefer.subscribe(FluxDefer.java:54)
	at reactor.core.publisher.Flux.subscribe(Flux.java:8891)
	at reactor.core.publisher.FluxConcatArray$ConcatArraySubscriber.onComplete(FluxConcatArray.java:238)
	at reactor.core.publisher.FluxConcatArray.subscribe(FluxConcatArray.java:79)
	at reactor.core.publisher.Flux.subscribe(Flux.java:8891)
	at reactor.core.publisher.MonoFlatMapMany$FlatMapManyMain.onNext(MonoFlatMapMany.java:196)
	at reactor.core.publisher.MonoCompletionStage$MonoCompletionStageSubscription.apply(MonoCompletionStage.java:121)
	at reactor.core.publisher.MonoCompletionStage$MonoCompletionStageSubscription.apply(MonoCompletionStage.java:67)
	at java.base/java.util.concurrent.CompletableFuture.uniHandle(CompletableFuture.java:934)
	at java.base/java.util.concurrent.CompletableFuture$UniHandle.tryFire$$$capture(CompletableFuture.java:911)
	at java.base/java.util.concurrent.CompletableFuture$UniHandle.tryFire(CompletableFuture.java)
	at java.base/java.util.concurrent.CompletableFuture.postComplete(CompletableFuture.java:510)
	at java.base/java.util.concurrent.CompletableFuture$AsyncSupply.run$$$capture(CompletableFuture.java:1773)
	at java.base/java.util.concurrent.CompletableFuture$AsyncSupply.run(CompletableFuture.java)
	... 3 common frames omitted
2026-09-18 14:09:22 [XNIO-1 I/O-2] ERROR org.xnio.listener - XNIO001007: A channel event listener threw an exception
java.util.concurrent.RejectedExecutionException: XNIO007007: Thread is terminating
	at org.xnio.nio.WorkerThread.execute(WorkerThread.java:632)
	at io.undertow.websockets.jsr.UndertowSession.close0(UndertowSession.java:362)
	at io.undertow.websockets.jsr.UndertowSession.closeInternal(UndertowSession.java:242)
	at io.undertow.websockets.jsr.UndertowSession$3$1.run(UndertowSession.java:402)
	at io.undertow.websockets.jsr.UndertowSession$3.handleEvent(UndertowSession.java:411)
	at io.undertow.websockets.jsr.UndertowSession$3.handleEvent(UndertowSession.java:389)
	at org.xnio.ChannelListeners.invokeChannelListener(ChannelListeners.java:92)
	at io.undertow.server.protocol.framed.AbstractFramedChannel$FrameCloseListener.handleEvent(AbstractFramedChannel.java:1085)
	at io.undertow.server.protocol.framed.AbstractFramedChannel$FrameCloseListener.handleEvent(AbstractFramedChannel.java:1004)
	at org.xnio.ChannelListeners.invokeChannelListener(ChannelListeners.java:92)
	at org.xnio.conduits.WriteReadyHandler$ChannelListenerHandler.terminated(WriteReadyHandler.java:70)
	at org.xnio.nio.NioSocketConduit.writeTerminated(NioSocketConduit.java:204)
	at org.xnio.nio.NioSocketConduit.terminateWrites(NioSocketConduit.java:193)
	at org.xnio.nio.NioSocketConduit.truncateWrites(NioSocketConduit.java:198)
	at io.undertow.conduits.IdleTimeoutConduit.truncateWrites(IdleTimeoutConduit.java:387)
	at org.xnio.conduits.ConduitStreamSinkChannel.close(ConduitStreamSinkChannel.java:186)
	at org.xnio.IoUtils.safeClose(IoUtils.java:152)
	at org.xnio.conduits.WriteReadyHandler$ChannelListenerHandler.forceTermination(WriteReadyHandler.java:57)
	at org.xnio.nio.NioSocketConduit.forceTermination(NioSocketConduit.java:108)
	at org.xnio.nio.WorkerThread.run(WorkerThread.java:519)
